21
414
164
84
3
3
0
295
85
146
0
446
256
5
4
4
12
55
31
11
90
2
11
20
36
209
4
52
81
0
88
3
0
411
439
231
12
1
130
33
1
47
0
352
8
117
13
54
63
4
445
199
397
332
84
370
1
4
0
14
23
9
252
18
10
62
2
225
0
476
197
4
0
238
145
161
196
0
19
1
292
96
15
0
13
14
162
103
322
40
1
150
187
68
196
46
55
30
0
1
0
102
13
50
350
7
27
182
6
0
11
3
382
231
101
302
226
4
329
60
230
334
14
1
6
30
241
289
0
51
28
6
1
16
402
14
54
143
19
449
433
8
47
12
10
0
89
49
0
10
350
7
2
45
473
7
123
188
7
161
20
100
101
59
1
259
14
4
0
81
126
0
51
6
107
3
135
23
392
2
16
1
374
309
8
115
240
66
57
7
1
335
340
101
16
17
159
335
322
204
105
1
3
337
88
0
1
117
0
3
64
135
111
6
149
7
14
175
110
275
114
71
1
20
9
7
451
24
328
100
218
49
75
46
4
156
10
0
107
3
398
419
360
20
0
380
30
440
435
279
11
23
277
13
3
67
391
138
72
1
92
481
2
53
309
170
139
142
19
11
232
233
296
358
51
48
221
110
142
219
326
16
21
1
75
0
39
62
10
81
0
0
246
19
2
55
195
5
95
1
0
58
61
103
159
456
53
14
218
9
33
1
0
434
260
138
27
3
3
7
64
151
116
10
421
168
66
90
29
7
18
184
0
1
0
0
282
143
41
1
46
41
3
32
25
92
102
0
21
97
49
284
115
3
0
106
0
78
398
74
23
106
37
63
400
23
431
346
4
0
1
0
1
129
0
14
270
0
237
10
1
138
99
309
166
226
10
3
178
229
482
27
20
201
16
383
286
31
179
182
1
343
49
250
14
333
23
0
346
1
14
413
414
73
100
35
11
15
123
180
215
213
1
46
0
64
33
323
18
1
2
187
93
1
1
141
0
245
145
1
1
475
21
20
235
409
474
181
21
1
201
67
30
348
1
46
0
39
0
1
1
109
175
77
433
21
10
298
6
435
0
446
0
327
56
487
0
66
445
55
99
138
36
98
78
341
0
10
414
326
36
94
10
4
38
18
77
1
454
474
139
59
13
236
131
3
354
246
413
159
91
28
386
295
0
0
21
233
476
2
82
22
446
267
263
39
28
9
0
293
236
499
493
66
194
405
276
7
35
2
420
87
6
122
93
18
1
122
54
197
54
279
65
68
308
26
2
0
182
94
143
5
2
0
17
80
24
32
345
17
52
207
24
95
291
412
2
377
46
8
37
463
46
15
101
7
0
2
2
2
2
105
4
17
335
41
120
3
4
0
3
10
3
1
1
38
5
19
49
134
0
222
98
1
304
369
0
10
229
176
4
5
20
44
93
20
38
176
0
8
150
333
51
58
1
34
58
7
9
21
0
14
5
15
1
326
82
127
212
47
1
60
79
174
31
2
10
19
108
72
18
475
87
7
1
2
7
3
4
10
3
335
1
55
27
468
1
25
445
294
240
8
3
121
381
67
72
10
194
4
14
30
50
7
1
90
11
76
3
43
58
0
16
2
0
481
14
232
8
128
186
83
40
27
17
381
254
438
2
163
395
4
0
171
74
267
2
218
5
3
3
237
118
55
19
309
24
239
33
21
38
12
176
49
6
338
22
62
348
96
1
397
98
15
2
217
94
58
331
212
2
13
7
173
0
72
188
308
16
244
1
272
2
25
220
2
6
156
155
105
137
62
8
17
4
351
77
25
38
409
2
79
50
90
0
303
385
70
138
371
146
2
74
88
30
167
389
375
35
1
472
263
2
368
300
54
81
25
0
16
225
0
15
25
60
367
17
17
168
36
6
36
2
3
47
29
360
19
76
100
0
118
3
431
2
28
1
494
49
83
0
178
5
336
5
4
0
40
70
0
200
36
55
33
25
68
3
4
290
407
21
9
106
27
0
3
152
115
0
6
6
123
0
1
223
3
111
7
1
7
156
283
254
25
120
5
11
334
0
1
5
0
4
77
29
329
240
16
8
22
80
9
96
27
65
32
11
411
189
2
298
44
332
223
30
0
9
61
101
8
2
259
471
56
3
9
0
359
1
74
9
66
111
253
5
0
2
339
305
83
85
118
3
359
28
22
54
0
3
168
1
86
7
23
11
18
154
11
70
41
118
392
164
5
0
8
82
0
47
83
15
196
1
0
161
47
133
32
7
242
222
137
9
80
19
1
363
2
413
34
4
61
304
164
229
115
135
275
7
45
6
477
404
0
144
375
4
71
361
0
139
11
374
448
404
41
290
270
14
252
0
83
6
1
0
138
16
158
0
13
60
214
14
97
320
92
6
0
300
0
306
57
396
221
496
17
192
25
42
98
305
471
193
28
29
168
7
1
18
10
11
6
0
0
477
30
22
127
5
413
210
1
28
311
405
39
91
3
483
6
402
110
88
52
6
3
6
4
203
17
0
445
317
379
490
3
24
185
138
2
239
6
6
60
81
76
1
309
9
2
324
422
290
232
113
65
1
27
21
8
157
47
1
6
130
0
277
47
43
81
248
17
126
70
9
311
220
115
277
297
146
261
139
128
93
180
3
314
302
0
249
2
15
173
3
241
256
50
0
10
93
465
100
8
101
61
204
1
187
61
434
16
100
385
1
393
133
0
12
146
0
77
17
94
0
302
452
444
178
2
185
0
0
14
45
195
130
34
9
494
30
35
3
218
136
6
1
128
112
9
414
2
31
403
29
104
25
9
470
27
331
6
5
0
111
20
293
41
443
4
298
201
196
270
187
97
2
0
368
92
219
43
1
2
131
31
4
46
0
77
9
220
13
36
0
0
24
42
85
11
137
288
204
0
43
1
7
475
2
48
93
142
68
0
14
53
1
17
0
1
24
2
71
134
223
4
3
1
102
145
0
391
0
61
147
301
150
224
16
238
1
332
63
240
36
106
56
163
1
0
7
3
302
5
456
16
4
213
115
47
66
154
6
493
454
110
4
128
0
0
8
38
298
160
172
30
17
20
477
0
296
75
33
159
44
304
340
29
10
81
356
5
96
100
164
2
152
352
3
7
448
4
281
46
7
301
34
52
19
81
3
24
445
8
114
14
198
2
446
36
6
0
3
54
16
252
31
7
93
145
3
3
0
167
118
41
269
228
78
298
5
1
9
0
58
392
0
2
36
388
13
50
0
2
475
438
0
416
104
297
36
53
45
119
2
0
12
144
5
123
446
1
123
34
298
3
136
262
405
130
47
93
299
72
0
383
134
125
5
115
24
110
1
114
498
0
458
26
301
206
71
169
311
26
15
120
230
188
221
32
241
1
62
0
14
20
24
138
23
35
7
21
6
0
86
120
94
38
22
292
54
42
0
16
22
25
76
58
88
190
236
153
422
0
4
0
108
336
7
378
0
389
18
1
44
8
10
12
226
60
13
89
152
9
27
1
4
128
4
56
147
1
71
8
434
43
229
64
0
101
415
85
242
318
6
5
90
27
264
339
18
7
204
9
246
29
120
1
96
35
79
3
167
291
5
1
0
105
88
63
6
23
82
47
477
2
137
26
30
153
136
483
2
1
158
75
9
1
1
331
4
14
6
18
0
54
0
223
6
61
313
110
58
14
15
121
489
117
67
163
39
0
69
425
3
134
4
59
1
35
183
17
118
218
378
6
25
2
486
378
61
267
54
96
1
182
2
249
206
147
0
12
8
19
1
393
66
12
25
34
85
53
366
47
485
278
5
383
1
240
22
310
298
229
213
12
1
26
3
137
17
456
105
246
2
290
371
44
87
190
3
49
25
2
20
0
0
2
434
64
439
31
13
50
33
1
105
5
94
110
2
0
204
37
0
490
0
137
470
7
2
1
12
1
135
0
51
493
237
92
12
96
56
30
2
321
35
4
20
28
251
165
194
0
28
43
0
8
186
2
59
5
0
7
456
224
429
44
1
63
36
270
1
45
2
14
168
41
21
24
37
208
328
422
210
13
133
32
8
266
0
341
38
103
115
332
103
91
0
53
2
168
52
128
0
1
152
0
0
0
424
168
18
11
17
199
116
4
3
1
116
190
9
0
1
442
11
194
96
22
5
1
92
199
106
57
0
444
221
11
463
85
77
176
234
113
2
16
379
6
21
31
33
91
402
7
1
4
322
107
10
239
289
272
366
8
182
37
267
161
201
113
3
62
472
393
0
3
2
159
241
5
50
265
164
61
80
50
11
70
133
304
102
187
3
38
0
7
159
484
1
25
223
5
66
164
92
4
18
207
66
0
187
0
174
5
426
20
15
2
12
308
493
20
35
156
321
81
24
27
138
0
94
18
217
1
79
43
106
0
76
68
68
86
125
228
9
248
47
0
0
15
208
146
212
53
33
2
15
32
1
6
84
166
496
387
106
29
102
209
1
27
264
22
73
79
4
19
15
0
0
255
9
53
12
398
8
31
303
267
4
225
37
43
2
1
161
47
32
162
191
3
89
2
179
114
424
0
0
10
1
0
77
0
1
22
3
26
0
3
0
0
77
0
5
2
1
72
0
11
134
6
103
0
2
1
18
162
0
11
0
6
3
147
8
1
0
0
0
0
47
6
4
0
51
17
0
15
5
0
3
3
0
112
46
12
3
2
10
5
0
4
32
3
0
28
0
0
0
1
22
4
0
59
60
55
0
3
169
25
0
0
3
79
5
4
0
11
37
2
25
136
0
4
1
29
6
9
30
2
83
5
0
14
29
1
49
77
1
166
0
0
0
68
11
0
2
8
0
62
32
4
140
2
167
12
9
0
61
2
0
0
6
4
17
66
0
18
0
50
36
5
16
1
3
37
3
1
4
39
1
0
16
38
0
0
0
1
3
21
10
8
1
43
3
159
9
0
12
1
13
0
0
49
0
42
1
10
14
4
1
0
0
1
10
104
56
24
28
11
1
77
12
6
0
3
3
53
5
2
155
0
2
0
19
86
1
50
1
80
22
32
0
134
18
1
39
1
57
0
15
5
0
0
0
3
1
7
1
1
20
0
74
47
12
7
67
0
0
0
29
0
6
190
49
4
0
40
7
0
0
79
12
39
60
6
4
2
1
2
25
7
68
3
8
9
7
15
0
4
0
2
3
10
118
7
20
4
9
0
0
1
3
0
0
1
146
1
3
0
8
1
0
4
0
0
0
0
0
1
31
6
4
1
98
2
0
8
0
1
4
57
4
15
184
0
1
2
2
2
78
16
8
1
37
123
36
0
9
0
0
0
7
13
0
2
3
1
0
2
21
0
0
1
108
12
12
1
7
0
9
82
8
57
17
0
74
0
5
0
0
2
1
3
6
0
0
6
1
18
10
45
14
2
12
1
1
28
3
30
37
50
85
2
1
6
1
7
15
13
2
0
2
0
66
1
0
0
10
9
1
0
2
1
12
8
1
0
175
3
13
0
3
0
4
135
2
0
0
2
0
0
22
3
1
72
0
125
1
65
7
38
167
1
131
2
2
1
5
0
5
5
23
40
2
1
1
0
0
1
1
139
5
1
6
0
3
9
3
2
186
60
9
6
8
0
2
0
3
5
0
135
79
17
5
55
0
29
0
29
1
59
110
0
3
162
3
52
7
2
1
0
23
2
4
4
6
53
162
2
38
23
6
125
0
0
48
2
45
68
0
62
3
4
9
93
0
3
13
17
14
0
1
1
32
1
0
126
0
195
12
39
1
0
19
41
19
0
21
24
11
24
45
8
0
3
0
2
2
0
1
0
33
115
0
123
4
1
0
4
29
15
0
0
2
1
0
1
32
95
2
77
1
3
0
10
158
7
1
10
0
65
4
3
7
9
0
13
0
16
37
32
5
4
0
25
1
4
1
0
9
0
21
1
0
4
0
1
15
0
42
0
0
20
1
0
1
1
44
1
28
67
2
79
2
135
0
13
4
2
9
15
0
0
16
11
138
23
118
15
1
0
27
10
0
1
126
4
2
3
0
1
1
0
24
2
37
47
0
11
3
60
0
12
8
1
0
10
19
1
10
2
16
0
66
1
1
0
0
4
1
41
0
2
1
0
0
2
4
2
5
7
0
3
135
4
12
1
25
25
4
154
0
0
24
33
0
1
0
1
25
4
1
1
0
1
10
151
45
0
71
27
26
3
2
1
0
0
0
3
21
3
0
127
109
27
181
5
134
0
1
0
0
0
8
27
6
0
34
9
2
12
1
1
85
1
3
66
15
0
0
0
9
3
0
127
5
0
4
13
0
1
33
3
5
2
0
0
3
0
0
44
162
29
48
0
131
0
119
188
16
162
6
1
2
7
0
8
162
0
29
78
110
130
4
156
22
0
3
17
0
10
11
0
6
25
4
0
0
1
93
0
9
0
1
46
18
0
2
0
3
11
0
1
2
87
185
0
23
1
2
22
86
118
6
1
28
0
6
1
11
0
0
86
0
4
0
0
0
0
54
1
118
6
2
6
4
22
1
1
69
113
68
2
26
3
4
0
7
0
1
48
0
0
0
107
4
2
34
41
1
14
25
11
0
58
5
1
2
0
0
24
0
2
4
0
149
0
1
1
0
0
18
139
0
11
20
46
2
1
1
16
35
0
1
74
32
169
22
2
7
11
0
5
16
0
26
7
120
0
1
7
1
16
22
0
4
4
1
99
38
14
16
3
88
14
18
51
1
33
0
1
1
158
49
15
18
6
114
4
2
0
28
19
2
0
42
0
15
144
2
0
15
35
5
140
0
4
17
52
0
31
5
2
0
53
0
1
1
56
12
30
0
9
6
40
77
0
12
0
5
1
1
1
8
1
18
2
0
27
1
2
13
1
0
2
111
10
12
9
0
2
21
0
1
1
2
161
0
4
0
145
0
2
19
15
2
1
2
1
0
3
1
1
11
142
7
0
0
119
1
0
7
9
10
1
0
137
0
12
15
8
1
1
7
53
113
0
0
111
19
62
0
7
15
13
2
0
6
0
3
127
2
43
0
12
155
0
0
2
0
21
83
2
0
2
17
0
7
8
9
0
16
0
0
59
19
0
0
0
1
0
0
3
18
8
12
0
119
42
32
37
99
5
0
8
20
19
4
0
1
88
7
5
1
1
69
11
28
3
9
0
15
2
3
10
102
0
38
1
3
0
1
4
0
4
93
0
23
2
11
1
0
0
0
0
11
61
34
13
0
1
1
0
4
5
1
1
39
28
1
82
121
1
1
4
107
58
0
2
5
4
0
50
12
42
50
21
2
8
0
12
0
14
0
0
0
0
17
18
4
0
0
0
0
67
0
1
0
0
4
8
0
0
2
0
0
130
8
5
2
2
5
14
15
0
4
2
55
9
5
0
8
0
1
0
14
0
2
70
0
4
2
0
29
0
3
6
9
13
0
0
17
5
41
37
44
3
1
29
3
0
48
62
3
0
2
32
74
0
0
59
2
5
141
0
10
0
2
32
2
193
6
1
0
1
2
0
1
3
17
11
15
0
0
11
3
0
32
25
5
0
24
7
27
21
31
4
0
12
8
20
0
0
66
21
78
22
7
11
65
6
9
0
3
16
1
0
1
0
0
2
78
4
0
0
14
2
37
11
30
1
14
1
105
9
1
1
0
14
0
7
1
11
35
26
23
0
0
14
1
2
0
1
0
60
0
5
0
11
1
71
65
1
73
191
38
44
0
6
0
0
197
1
21
32
50
194
0
0
2
0
0
1
27
6
1
11
0
0
23
9
23
0
42
8
6
9
53
7
6
180
22
3
15
2
0
7
94
95
1
4
0
190
162
10
32
16
7
0
3
12
12
2
108
0
4
14
14
10
1
0
9
7
0
15
3
12
42
0
0
26
8
14
42
31
131
5
3
2
0
6
1
88
7
7
1
0
0
2
0
8
61
62
11
0
52
64
0
19
1
31
193
0
71
8
149
3
45
0
1
0
152
35
47
104
0
2
0
0
0
3
1
0
0
0
149
22
141
2
1
30
1
1
0
0
0
1
12
0
0
33
0
1
53
0
0
3
1
6
32
0
6
4
0
9
1
3
0
3
1
37
0
2
3
17
6
12
26
52
1
5
43
178
66
1
0
3
20
4
3
42
1
50
2
1
3
23
0
0
119
0
6
6
3
10
0
5
2
11
0
6
0
1
0
0
38
1
93
144
6
0
2
30
1
0
5
45
30
0
12
0
0
57
0
1
0
56
29
9
21
0
3
1
0
3
88
0
1
0
0
78
3
3
23
0
3
2
7
199
24
2
38
0
0
0
1
4
8
80
4
4
0
0
5
2
42
0
0
3
0
0
17
0
8
1
0
2
31
2
21
0
25
0
12
6
95
2
0
0
38
4
25
0
1
0
132
12
99
1
8
12
1
46
114
63
19
1
1
134
0
16
15
8
179
1
1
0
3
1
1
41
101
0
2
95
0
0
0
7
0
141
3
4
0
3
11
21
22
6
75
35
22
0
0
0
11
2
2
63
69
79
1
14
1
0
0
1
2
40
0
19
5
1
4
1
7
2
0
0
5
74
1
18
11
98
36
6
11
71
2
1
0
38
31
0
6
3
0
161
0
0
7
19
0
11
5
0
0
6
1
104
36
167
1
144
2
1
0
0
14
3
0
8
0
6
1
37
36
3
1
1
32
1
0
0
3
3
43
0
2
33
37
2
3
1
99
0
100
13
5
0
3
2
0
11
146
6
16
0
2
0
8
104
11
0
1
5
2
40
35
8
2
0
0
1
2
12
11
0
2
0
0
38
0
2
0
60
5
0
4
18
127
0
64
100
84
9
9
2
21
5
12
2
18
37
0
40
5
44
2
2
83
0
44
3
4
1
6
1
0
1
0
157
138
2
18
1
12
32
113
2
27
1
179
0
7
11
13
0
105
0
8
0
1
5
2
0
0
2
22
71
0
2
0
0
11
7
0
0
0
41
151
0
0
54
93
2
0
0
6
2
0
7
0
28
1
0
7
2
150
5
1
16
1
75
2
5
0
2
40
32
0
0
35
97
0
3
1
56
0
0
21
0
4
3
1
2
5
0
6
32
23
0
0
1
1
2
13
0
0
2
14
0
10
1
64
70
1
0
2
0
12
38
12
37
2
0
19
1
12
1
0
184
0
176
156
29
11
6
53
1
3
8
2
2
1
6
47
0
100
13
37
5
26
0
36
0
66
182
1
0
23
0
53
0
0
159
12
45
1
12
7
7
13
6
2
1
24
0
14
0
9
20
0
0
0
8
46
0
19
1
3
95
1
3
0
0
0
0
9
2
5
0
1
11
137
0
66
6
6
4
0
0
7
1
85
2
0
16
1
4
14
73
29
12
13
113
1
0
1
0
11
9
7
0
18
1
11
5
1
0
0
40
86
10
0
2
18
26
0
0
16
1
0
0
5
47
127
6
4
0
5
2
8
2
0
0
1
0
0
173
3
5
57
190
6
34
1
1
2
12
13
1
0
9
0
6
14
15
21
57
4
18
8
0
0
1
3
8
46
0
0
135
0
3
7
5
0
0
0
7
5
0
9
36
0
4
13
0
1
8
71
33
7
18
1
10
3
0
15
5
1
80
0
1
0
24
15
1
12
2
22
3
2
101
0
0
7
143
2
0
1
4
0
11
195
3
1
2
0
62
2
2
11
3
10
0
34
107
10
123
0
3
7
6
2
1
0
2
0
19
0
0
5
7
56
6
1
31
5
0
6
78
2
1
0
0
2
7
0
106
22
7
39
0
3
9
39
27
1
107
0
58
146
0
17
0
2
4
6
102
12
3
33
118
0
165
0
35
1
0
2
10
2
0
7
74
2
0
3
0
36
38
7
1
31
5
38
9
27
7
2
127
5
8
0
9
6
0
0
7
23
4
0
11
0
3
0
0
0
2
0
2
4
3
2
42
0
4
0
0
6
6
59
5
130
0
0
0
0
5
10
0
113
43
1
0
0
0
0
4
0
1
178
13
116
0
2
5
0
0
12
10
2
3
2
0
1
0
0
126
7
18
1
2
0
0
0
30
12
5
3
89
0
1
1
27
184
0
57
39
0
2
2
157
0
31
1
18
2
6
40
32
53
0
14
0
2
5
2
4
192
0
12
2
0
0
116
60
77
182
0
1
12
3
2
1
7
6
0
3
5
6
0
20
0
1
26
6
1
14
6
30
19
8
3
0
1
2
7
4
1
0
4
1
19
0
7
108
0
3
0
9
5
2
4
70
0
0
51
6
66
7
33
2
21
82
6
0
1
0
0
1
5
7
2
8
0
0
0
4
0
1
2
34
0
10
12
30
99
0
0
64
3
6
11
13
98
193
17
1
60
0
0
71
0
0
0
50
4
12
0
22
23
1
2
0
154
10
100
1
27
24
14
138
2
0
12
18
6
0
4
1
2
10
20
0
2
1
0
27
79
1
21
70
45
0
125
2
1
0
3
0
0
1
33
58
1
50
49
23
0
14
112
13
1
4
10
4
0
1
31
51
0
120
1
11
21
34
112
1
50
0
15
20
12
0
57
0
0
16
3
46
2
0
41
5
0
17
4
7
3
39
39
16
0
42
12
14
1
60
17
0
2
64
0
132
13
9
1
0
108
1
25
2
0
0
5
153
1
1
1
4
2
60
4
4
0
165
0
0
11
7
2
2
27
0
36
10
2
3
0
21
4
1
7
190
2
88
1
0
0
2
0
0
83
44
20
0
0
0
17
95
2
0
4
1
2
8
17
0
0
187
0
0
0
0
2
31
1
3
12
4
51
53
0
26
3
176
3
173
22
0
5
183
50
0
15
1
0
2
0
36
1
38
0
1
0
0
0
0
5
1
2
2
58
76
4
1
0
121
0
1
1
1
0
27
0
9
0
0
79
0
37
5
0
124
0
50
0
48
0
4
24
101
79
36
65
0
1
1
2
2
5
0
14
0
1
4
30
19
10
0
5
0
2
2
0
1
124
122
1
0
0
2
115
0
23
0
162
2
25
1
9
0
0
104
85
64
9
33
0
1
1
9
1
0
7
35
2
0
0
0
1
10
7
14
1
37
0
3
31
0
0
62
1
13
0
14
1
0
8
0
2
0
0
1
0
80
0
3
0
1
93
0
138
0
20
5
63
5
5
0
0
84
1
2
23
1
120
19
7
61
0
0
3
0
20
87
2
1
132
3
3
1
79
6
23
34
1
2
46
1
29
107
9
20
32
44
2
0
2
12
3
21
1
9
0
21
5
0
1
21
3
0
140
16
126
2
3
71
4
15
0
3
0
0
0
0
156
0
11
42
5
0
18
7
18
24
153
6
1
10
0
71
0
1
35
7
2
3
48
1
55
0
26
45
0
2
0
15
5
9
0
0
0
1
6
50
11
2
121
17
96
4
0
0
18
0
1
5
6
7
0
2
8
144
18
89
23
7
0
11
9
7
3
5
1
4
0
32
0
0
2
11
2
1
6
1
99
90
4
1
19
0
3
1
88
0
5
19
3
0
148
4
8
0
3
2
0
0
42
0
0
4
24
0
6
0
0
0
41
0
0
2
44
1
2
0
3
6
6
1
1
0
1
0
24
139
144
53
7
15
1
9
3
3
22
1
1
91
0
3
82
8
5
0
1
47
6
4
0
0
135
2
7
0
13
99
6
0
6
24
2
60
10
72
9
0
1
0
79
23
12
1
0
22
3
0
8
0
1
3
0
168
0
0
0
24
2
6
0
0
3
35
63
0
5
82
2
39
0
101
21
107
12
1
104
1
1
15
23
96
0
30
19
0
2
1
1
165
10
16
155
2
31
2
55
0
115
0
1
22
2
8
3
20
0
0
1
3
0
1
2
0
7
63
0
7
11
2
15
2
4
0
14
11
0
1
159
2
4
79
16
6
30
53
3
3
2
139
14
0
52
3
0
5
2
59
0
38
5
0
147
4
1
3
50
1
0
0
1
26
3
0
0
1
106
1
175
3
0
67
3
16
167
0
0
17
1
0
0
0
25
0
3
8
2
0
27
0
23
68
2
5
3
2
64
68
1
8
93
133
4
3
1
128
0
6
1
1
2
197
0
6
0
0
2
4
0
1
0
1
139
111
1
6
79
0
33
115
0
0
131
5
0
0
3
14
18
190
1
5
5
2
0
156
48
4
7
0
5
14
4
179
8
1
25
0
2
1
2
27
3
29
6
1
33
0
0
4
1
0
10
4
3
140
6
52
0
6
54
6
17
2
0
3
2
54
0
139
127
0
1
69
139
3
1
4
13
1
19
0
0
2
1
1
4
1
0
1
152
2
3
6
166
0
13
16
8
0
12
0
7
19
0
43
0
44
3
0
0
121
0
0
1
8
5
0
1
0
0
2
15
0
1
2
154
123
31
0
0
1
1
4
26
50
44
1
13
1
0
15
0
2
1
14
24
1
34
1
3
18
14
174
0
11
8
83
0
21
6
1
3
1
6
65
6
9
4
0
0
4
1
0
4
1
0
3
0
94
54
15
0
25
33
24
0
10
41
6
10
3
5
0
9
0
2
1
5
0
14
30
0
0
0
59
5
3
0
10
54
39
9
0
0
0
0
0
1
2
109
8
41
16
0
19
1
9
1
194
1
1
97
0
14
17
41
151
153
0
37
10
10
0
10
165
81
2
0
1
38
15
3
0
2
3
95
10
1
4
0
148
1
3
1
13
11
16
1
1
0
11
0
7
55
66
3
3
0
12
37
0
2
42
59
0
5
0
0
80
36
23
0
44
2
1
5
0
22
6
0
0
0
0
7
43
0
0
6
36
1
1
7
1
0
19
9
6
20
12
0
1
0
0
12
50
134
9
0
0
34
6
8
27
15
41
0
21
47
1
10
1
127
0
6
0
16
0
0
4
83
0
0
22
4
81
0
10
0
0
13
7
22
1
3
2
167
1
1
1
6
0
83
1
70
0
11
77
0
142
3
112
12
1
0
1
0
0
0
2
30
0
0
10
0
0
0
90
37
1
11
5
12
13
9
1
0
3
67
6
40
182
0
14
12
160
170
13
0
30
0
26
80
2
9
2
2
1
23
102
107
0
58
19
0
0
1
81
9
17
0
17
0
2
9
0
37
0
10
2
7
0
0
79
1
36
198
0
1
11
137
84
4
30
0
156
136
0
1
0
1
35
2
0
1
163
9
2
0
171
36
1
0
0
0
6
95
4
44
3
15
18
0
1
9
0
1
5
191
3
35
2
30
7
64
2
7
9
2
0
0
0
57
0
0
19
1
4
0
129
47
52
2
23
0
0
0
7
3
4
0
2
17
3
18
0
34
7
0
0
9
39
2
0
54
12
3
3
0
9
1
190
3
3
6
85
31
3
17
7
4
0
3
0
83
1
120
5
9
5
0
2
0
8
3
26
0
0
2
93
16
2
4
0
168
11
1
7
0
138
0
10
0
16
26
12
8
67
0
1
0
175
2
18
13
0
0
1
2
0
0
60
138
1
1
0
13
38
0
0
28
8
0
8
1
1
24
34
2
114
2
25
3
71
78
0
102
38
29
0
32
46
1
120
0
0
5
6
10
0
130
0
0
0
6
98
11
37
0
5
3
4
0
13
4
23
3
0
10
0
56
8
0
133
4
0
9
0
32
35
158
4
3
21
0
5
5
0
2
48
49
0
0
1
58
0
17
0
9
1
28
0
9
0
16
57
0
54
7
0
2
0
15
22
0
4
35
102
4
118
5
2
46
4
3
4
45
40
2
1
4
6
0
29
3
1
0
0
116
1
0
3
1
0
1
5
5
1
3
137
2
0
0
3
22
0
16
0
2
25
1
6
0
20
0
47
0
57
1
17
1
76
0
0
4
0
0
110
154
2
90
5
1
15
11
177
1
12
0
0
0
198
31
28
4
1
0
1
2
22
5
0
0
0
2
99
9
31
3
1
0
58
27
0
4
3
9
113
6
5
0
0
0
0
20
17
0
41
0
1
0
2
0
3
2
172
0
0
0
9
0
41
4
4
6
0
0
1
7
0
0
144
0
31
28
1
0
0
14
10
27
103
14
0
0
43
0
0
15
2
87
10
0
115
0
1
2
0
4
0
2
1
25
32
0
1
2
0
30
15
0
1
0
9
0
171
26
2
6
80
5
0
2
44
10
10
54
68
87
0
5
19
22
8
0
30
17
0
3
0
1
0
2
5
8
11
41
0
0
47
0
152
44
4
163
0
1
9
1
95
0
5
7
10
0
1
44
0
38
6
23
16
0
6
54
2
139
3
0
2
119
1
54
61
1
0
17
1
27
3
3
26
2
3
2
1
4
33
1
4
12
1
1
99
17
6
10
0
8
4
5
1
0
0
118
2
3
0
0
16
5
4
0
20
0
0
3
1
0
10
10
37
2
0
1
160
7
16
0
4
0
6
88
142
5
3
111
12
0
3
0
3
3
6
1
0
4
39
11
1
101
81
0
0
20
38
141
66
7
5
0
0
3
9
5
20
1
6
0
2
21
14
180
1
4
1
2
49
13
62
0
57
0
65
1
1
4
107
0
1
49
2
0
2
2
84
23
4
175
3
0
1
2
0
114
24
1
7
17
107
61
4
25
6
5
0
0
5
1
0
17
0
7
5
142
3
0
5
43
193
2
1
77
0
8
2
0
1
1
13
116
1
34
0
5
0
100
24
11
37
10
142
16
91
4
0
5
0
7
3
8
0
0
4
118
2
2
16
7
1
2
0
138
0
1
0
0
26
0
0
3
0
0
33
25
83
48
13
0
27
45
31
4
0
45
18
162
0
0
0
29
0
0
196
0
41
1
43
5
73
93
0
0
0
12
65
3
8
0
32
140
1
4
0
6
4
0
3
1
4
7
0
23
16
1
0
22
124
0
1
0
6
0
1
14
6
2
2
6
0
0
61
0
15
87
1
1
6
61
108
19
0
12
2
3
0
0
29
3
1
2
48
21
1
0
0
88
6
5
7
1
33
4
0
0
5
103
1
55
23
0
0
0
18
0
1
4
17
0
2
3
5
36
0
33
14
5
14
2
0
11
4
10
1
77
7
0
3
22
29
4
69
1
2
71
70
13
50
0
53
1
0
0
2
0
1
0
1
6
3
1
20
68
22
1
20
0
0
1
33
0
0
0
50
9
0
5
4
11
0
53
1
14
0
2
1
5
0
28
0
12
32
6
20
11
1
33
1
6
20
2
1
3
36
96
5
11
75
0
0
15
37
49
2
0
2
0
1
25
0
38
2
7
0
1
0
132
33
3
0
99
1
0
6
110
0
0
104
0
0
6
51
3
188
13
0
184
2
1
5
1
0
0
3
42
6
198
1
1
0
0
1
29
76
152
0
61
1
0
55
9
0
2
1
19
3
177
0
1
3
4
1
18
58
105
32
47
5
38
1
2
1
3
1
132
1
0
4
0
0
0
3
2
31
19
2
1
1
25
0
0
30
3
0
0
99
50
16
3
4
152
138
0
34
0
0
12
2
98
0
4
86
75
0
1
8
0
141
83
0
0
0
79
0
2
3
7
0
0
98
78
27
0
1
9
1
79
9
0
79
127
0
5
1
2
0
6
127
4
0
8
1
49
2
0
0
24
1
24
0
1
3
109
98
0
1
0
4
3
73
96
2
4
70
32
0
1
2
0
0
0
10
1
0
0
31
47
3
2
157
0
0
1
0
2
80
8
2
100
0
0
6
8
0
2
10
14
9
1
0
2
0
114
3
1
24
4
1
34
54
12
0
6
23
0
0
62
0
21
3
3
0
36
1
5
12
15
125
5
2
122
10
1
0
44
1
11
3
0
7
0
2
5
2
21
39
25
0
0
5
101
41
44
1
2
3
0
0
114
0
0
0
95
6
11
81
1
8
0
1
2
3
4
5
6
7
8
9
10
11
12
13
14
15
16
17
18
19
20
21
22
23
24
25
26
27
28
29
30
31
32
33
34
35
36
37
38
39
40
41
42
43
44
45
46
47
48
49
50
51
52
53
54
55
56
57
58
59
60
61
62
63
64
65
66
67
68
69
70
71
72
73
74
75
76
77
78
79
80
81
82
83
84
85
86
87
88
89
90
91
92
93
94
95
96
97
98
99
100
101
102
103
104
105
106
107
108
109
110
111
112
113
114
115
116
117
118
119
120
121
122
123
124
125
126
127
128
129
130
131
132
133
134
135
136
137
138
139
140
141
142
143
144
145
146
147
148
149
150
151
152
153
154
155
156
157
158
159
160
161
162
163
164
165
166
167
168
169
170
171
172
173
174
175
176
177
178
179
180
181
182
183
184
185
186
187
188
189
190
191
192
193
194
195
196
197
198
199
200
201
202
203
204
205
206
207
208
209
210
211
212
213
214
215
216
217
218
219
220
221
222
223
224
225
226
227
228
229
230
231
232
233
234
235
236
237
238
239
240
241
242
243
244
245
246
247
248
249
250
251
252
253
254
255
256
257
258
259
260
261
262
263
264
265
266
267
268
269
270
271
272
273
274
275
276
277
278
279
280
281
282
283
284
285
286
287
288
289
290
291
292
293
294
295
296
297
298
299
0
1
2
3
4
5
6
7
8
9
10
11
12
13
14
15
16
17
18
19
20
21
22
23
24
25
26
27
28
29
30
31
32
33
34
35
36
37
38
39
40
41
42
43
44
45
46
47
48
49
50
51
52
53
54
55
56
57
58
59
60
61
62
63
64
65
66
67
68
69
70
71
72
73
74
75
76
77
78
79
80
81
82
83
84
85
86
87
88
89
90
91
92
93
94
95
96
97
98
99
100
101
102
103
104
105
106
107
108
109
110
111
112
113
114
115
116
117
118
119
120
121
122
123
124
125
126
127
128
129
130
131
132
133
134
135
136
137
138
139
140
141
142
143
144
145
146
147
148
149
150
151
152
153
154
155
156
157
158
159
160
161
162
163
164
165
166
167
168
169
170
171
172
173
174
175
176
177
178
179
180
181
182
183
184
185
186
187
188
189
190
191
192
193
194
195
196
197
198
199
200
201
202
203
204
205
206
207
208
209
210
211
212
213
214
215
216
217
218
219
220
221
222
223
224
225
226
227
228
229
230
231
232
233
234
235
236
237
238
239
240
241
242
243
244
245
246
247
248
249
250
251
252
253
254
255
256
257
258
259
260
261
262
263
264
265
266
267
268
269
270
271
272
273
274
275
276
277
278
279
280
281
282
283
284
285
286
287
288
289
290
291
292
293
294
295
296
297
298
299
0
1
2
3
4
5
6
7
8
9
10
11
12
13
14
15
16
17
18
19
20
21
22
23
24
25
26
27
28
29
30
31
32
33
34
35
36
37
38
39
40
41
42
43
44
45
46
47
48
49
50
51
52
53
54
55
56
57
58
59
60
61
62
63
64
65
66
67
68
69
70
71
72
73
74
75
76
77
78
79
80
81
82
83
84
85
86
87
88
89
90
91
92
93
94
95
96
97
98
99
100
101
102
103
104
105
106
107
108
109
110
111
112
113
114
115
116
117
118
119
120
121
122
123
124
125
126
127
128
129
130
131
132
133
134
135
136
137
138
139
140
141
142
143
144
145
146
147
148
149
150
151
152
153
154
155
156
157
158
159
160
161
162
163
164
165
166
167
168
169
170
171
172
173
174
175
176
177
178
179
180
181
182
183
184
185
186
187
188
189
190
191
192
193
194
195
196
197
198
199
200
201
202
203
204
205
206
207
208
209
210
211
212
213
214
215
216
217
218
219
220
221
222
223
224
225
226
227
228
229
230
231
232
233
234
235
236
237
238
239
240
241
242
243
244
245
246
247
248
249
250
251
252
253
254
255
256
257
258
259
260
261
262
263
264
265
266
267
268
269
270
271
272
273
274
275
276
277
278
279
280
281
282
283
284
285
286
287
288
289
290
291
292
293
294
295
296
297
298
299
0
1
2
3
4
5
6
7
8
9
10
11
12
13
14
15
16
17
18
19
20
21
22
23
24
25
26
27
28
29
30
31
32
33
34
35
36
37
38
39
40
41
42
43
44
45
46
47
48
49
50
51
52
53
54
55
56
57
58
59
60
61
62
63
64
65
66
67
68
69
70
71
72
73
74
75
76
77
78
79
80
81
82
83
84
85
86
87
88
89
90
91
92
93
94
95
96
97
98
99
100
101
102
103
104
105
106
107
108
109
110
111
112
113
114
115
116
117
118
119
120
121
122
123
124
125
126
127
128
129
130
131
132
133
134
135
136
137
138
139
140
141
142
143
144
145
146
147
148
149
150
151
152
153
154
155
156
157
158
159
160
161
162
163
164
165
166
167
168
169
170
171
172
173
174
175
176
177
178
179
180
181
182
183
184
185
186
187
188
189
190
191
192
193
194
195
196
197
198
199
200
201
202
203
204
205
206
207
208
209
210
211
212
213
214
215
216
217
218
219
220
221
222
223
224
225
226
227
228
229
230
231
232
233
234
235
236
237
238
239
240
241
242
243
244
245
246
247
248
249
250
251
252
253
254
255
256
257
258
259
260
261
262
263
264
265
266
267
268
269
270
271
272
273
274
275
276
277
278
279
280
281
282
283
284
285
286
287
288
289
290
291
292
293
294
295
296
297
298
299
0
1
2
3
4
5
6
7
8
9
10
11
12
13
14
15
16
17
18
19
20
21
22
23
24
25
26
27
28
29
30
31
32
33
34
35
36
37
38
39
40
41
42
43
44
45
46
47
48
49
50
51
52
53
54
55
56
57
58
59
60
61
62
63
64
65
66
67
68
69
70
71
72
73
74
75
76
77
78
79
80
81
82
83
84
85
86
87
88
89
90
91
92
93
94
95
96
97
98
99
100
101
102
103
104
105
106
107
108
109
110
111
112
113
114
115
116
117
118
119
120
121
122
123
124
125
126
127
128
129
130
131
132
133
134
135
136
137
138
139
140
141
142
143
144
145
146
147
148
149
150
151
152
153
154
155
156
157
158
159
160
161
162
163
164
165
166
167
168
169
170
171
172
173
174
175
176
177
178
179
180
181
182
183
184
185
186
187
188
189
190
191
192
193
194
195
196
197
198
199
200
201
202
203
204
205
206
207
208
209
210
211
212
213
214
215
216
217
218
219
220
221
222
223
224
225
226
227
228
229
230
231
232
233
234
235
236
237
238
239
240
241
242
243
244
245
246
247
248
249
250
251
252
253
254
255
256
257
258
259
260
261
262
263
264
265
266
267
268
269
270
271
272
273
274
275
276
277
278
279
280
281
282
283
284
285
286
287
288
289
290
291
292
293
294
295
296
297
298
299
0
1
2
3
4
5
6
7
8
9
10
11
12
13
14
15
16
17
18
19
20
21
22
23
24
25
26
27
28
29
30
31
32
33
34
35
36
37
38
39
40
41
42
43
44
45
46
47
48
49
50
51
52
53
54
55
56
57
58
59
60
61
62
63
64
65
66
67
68
69
70
71
72
73
74
75
76
77
78
79
80
81
82
83
84
85
86
87
88
89
90
91
92
93
94
95
96
97
98
99
100
101
102
103
104
105
106
107
108
109
110
111
112
113
114
115
116
117
118
119
120
121
122
123
124
125
126
127
128
129
130
131
132
133
134
135
136
137
138
139
140
141
142
143
144
145
146
147
148
149
150
151
152
153
154
155
156
157
158
159
160
161
162
163
164
165
166
167
168
169
170
171
172
173
174
175
176
177
178
179
180
181
182
183
184
185
186
187
188
189
190
191
192
193
194
195
196
197
198
199
200
201
202
203
204
205
206
207
208
209
210
211
212
213
214
215
216
217
218
219
220
221
222
223
224
225
226
227
228
229
230
231
232
233
234
235
236
237
238
239
240
241
242
243
244
245
246
247
248
249
250
251
252
253
254
255
256
257
258
259
260
261
262
263
264
265
266
267
268
269
270
271
272
273
274
275
276
277
278
279
280
281
282
283
284
285
286
287
288
289
290
291
292
293
294
295
296
297
298
299
0
1
2
3
4
5
6
7
8
9
10
11
12
13
14
15
16
17
18
19
20
21
22
23
24
25
26
27
28
29
30
31
32
33
34
35
36
37
38
39
40
41
42
43
44
45
46
47
48
49
50
51
52
53
54
55
56
57
58
59
60
61
62
63
64
65
66
67
68
69
70
71
72
73
74
75
76
77
78
79
80
81
82
83
84
85
86
87
88
89
90
91
92
93
94
95
96
97
98
99
100
101
102
103
104
105
106
107
108
109
110
111
112
113
114
115
116
117
118
119
120
121
122
123
124
125
126
127
128
129
130
131
132
133
134
135
136
137
138
139
140
141
142
143
144
145
146
147
148
149
150
151
152
153
154
155
156
157
158
159
160
161
162
163
164
165
166
167
168
169
170
171
172
173
174
175
176
177
178
179
180
181
182
183
184
185
186
187
188
189
190
191
192
193
194
195
196
197
198
199
200
201
202
203
204
205
206
207
208
209
210
211
212
213
214
215
216
217
218
219
220
221
222
223
224
225
226
227
228
229
230
231
232
233
234
235
236
237
238
239
240
241
242
243
244
245
246
247
248
249
250
251
252
253
254
255
256
257
258
259
260
261
262
263
264
265
266
267
268
269
270
271
272
273
274
275
276
277
278
279
280
281
282
283
284
285
286
287
288
289
290
291
292
293
294
295
296
297
298
299
0
1
2
3
4
5
6
7
8
9
10
11
12
13
14
15
16
17
18
19
20
21
22
23
24
25
26
27
28
29
30
31
32
33
34
35
36
37
38
39
40
41
42
43
44
45
46
47
48
49
50
51
52
53
54
55
56
57
58
59
60
61
62
63
64
65
66
67
68
69
70
71
72
73
74
75
76
77
78
79
80
81
82
83
84
85
86
87
88
89
90
91
92
93
94
95
96
97
98
99
100
101
102
103
104
105
106
107
108
109
110
111
112
113
114
115
116
117
118
119
120
121
122
123
124
125
126
127
128
129
130
131
132
133
134
135
136
137
138
139
140
141
142
143
144
145
146
147
148
149
150
151
152
153
154
155
156
157
158
159
160
161
162
163
164
165
166
167
168
169
170
171
172
173
174
175
176
177
178
179
180
181
182
183
184
185
186
187
188
189
190
191
192
193
194
195
196
197
198
199
200
201
202
203
204
205
206
207
208
209
210
211
212
213
214
215
216
217
218
219
220
221
222
223
224
225
226
227
228
229
230
231
232
233
234
235
236
237
238
239
240
241
242
243
244
245
246
247
248
249
250
251
252
253
254
255
256
257
258
259
260
261
262
263
264
265
266
267
268
269
270
271
272
273
274
275
276
277
278
279
280
281
282
283
284
285
286
287
288
289
290
291
292
293
294
295
296
297
298
299
0
1
2
3
4
5
6
7
8
9
10
11
12
13
14
15
16
17
18
19
20
21
22
23
24
25
26
27
28
29
30
31
32
33
34
35
36
37
38
39
40
41
42
43
44
45
46
47
48
49
50
51
52
53
54
55
56
57
58
59
60
61
62
63
64
65
66
67
68
69
70
71
72
73
74
75
76
77
78
79
80
81
82
83
84
85
86
87
88
89
90
91
92
93
94
95
96
97
98
99
100
101
102
103
104
105
106
107
108
109
110
111
112
113
114
115
116
117
118
119
120
121
122
123
124
125
126
127
128
129
130
131
132
133
134
135
136
137
138
139
140
141
142
143
144
145
146
147
148
149
150
151
152
153
154
155
156
157
158
159
160
161
162
163
164
165
166
167
168
169
170
171
172
173
174
175
176
177
178
179
180
181
182
183
184
185
186
187
188
189
190
191
192
193
194
195
196
197
198
199
200
201
202
203
204
205
206
207
208
209
210
211
212
213
214
215
216
217
218
219
220
221
222
223
224
225
226
227
228
229
230
231
232
233
234
235
236
237
238
239
240
241
242
243
244
245
246
247
248
249
250
251
252
253
254
255
256
257
258
259
260
261
262
263
264
265
266
267
268
269
270
271
272
273
274
275
276
277
278
279
280
281
282
283
284
285
286
287
288
289
290
291
292
293
294
295
296
297
298
299
0
1
2
3
4
5
6
7
8
9
10
11
12
13
14
15
16
17
18
19
20
21
22
23
24
25
26
27
28
29
30
31
32
33
34
35
36
37
38
39
40
41
42
43
44
45
46
47
48
49
50
51
52
53
54
55
56
57
58
59
60
61
62
63
64
65
66
67
68
69
70
71
72
73
74
75
76
77
78
79
80
81
82
83
84
85
86
87
88
89
90
91
92
93
94
95
96
97
98
99
100
101
102
103
104
105
106
107
108
109
110
111
112
113
114
115
116
117
118
119
120
121
122
123
124
125
126
127
128
129
130
131
132
133
134
135
136
137
138
139
140
141
142
143
144
145
146
147
148
149
150
151
152
153
154
155
156
157
158
159
160
161
162
163
164
165
166
167
168
169
170
171
172
173
174
175
176
177
178
179
180
181
182
183
184
185
186
187
188
189
190
191
192
193
194
195
196
197
198
199
200
201
202
203
204
205
206
207
208
209
210
211
212
213
214
215
216
217
218
219
220
221
222
223
224
225
226
227
228
229
230
231
232
233
234
235
236
237
238
239
240
241
242
243
244
245
246
247
248
249
250
251
252
253
254
255
256
257
258
259
260
261
262
263
264
265
266
267
268
269
270
271
272
273
274
275
276
277
278
279
280
281
282
283
284
285
286
287
288
289
290
291
292
293
294
295
296
297
298
299
730
568
794
970
624
132
582
82
56
375
348
270
482
110
868
886
75
157
531
932
642
328
121
40
166
921
641
22
278
762
468
399
8
12
923
922
818
831
51
208
549
611
704
401
190
50
392
652
679
822
620
718
938
299
621
195
416
663
419
754
639
616
521
355
147
364
363
970
651
701
401
605
491
228
574
851
536
267
404
792
10
319
712
125
305
701
510
88
354
627
351
688
13
256
208
280
442
839
836
388
616
482
146
278
520
629
605
433
143
288
385
13
256
345
697
344
399
206
857
942
171
463
269
220
151
622
182
398
850
71
417
897
282
73
354
726
496
327
987
534
579
909
446
372
361
92
320
323
383
574
735
736
880
345
848
102
214
191
671
883
718
780
193
379
402
663
748
599
10
186
725
14
777
296
410
955
584
51
639
27
576
16
350
427
649
830
228
765
988
209
430
293
742
752
581
103
203
52
973
939
374
841
53
275
334
30
134
57
104
265
521
495
252
294
667
157
548
630
66
753
298
462
724
819
100
55
331
835
750
392
742
873
380
91
790
446
108
316
167
811
981
919
434
441
217
221
672
527
277
568
573
874
465
838
753
601
583
837
29
358
918
287
85
233
746
312
364
776
798
838
904
268
697
130
802
992
788
831
350
179
801
479
888
162
782
887
95
773
509
364
980
352
799
435
82
224
411
734
980
117
481
191
590
589
658
106
381
782
389
243
584
868
467
865
933
537
209
603
636
946
72
991
634
308
695
698
709
589
859
185
855
252
12
298
75
50
786
148
730
121
210
279
537
684
155
237
375
81
491
355
924
272
579
43
572
122
348
707
329
408
990
322
110
769
88
432
709
793
711
98
538
600
145
693
256
188
239
870
898
502
707
808
676
818
270
519
549
113
338
567
942
985
358
649
613
333
688
168
338
797
260
886
734
198
210
286
691
761
742
471
481
22
559
108
295
5
549
680
867
794
202
324
824
784
243
326
986
46
760
590
621
12
906
379
364
601
341
859
791
220
72
745
771
624
45
503
273
554
207
928
860
614
123
9
328
186
542
667
59
760
898
885
950
781
441
216
910
1
535
717
831
710
355
625
791
666
164
997
733
90
166
958
206
281
64
887
515
156
760
768
746
305
877
981
394
73
186
573
336
675
567
622
729
239
532
140
264
138
458
69
384
629
197
204
725
567
798
981
804
686
858
881
973
639
430
889
324
441
803
287
225
63
966
937
559
713
497
848
925
916
59
396
256
576
238
800
37
24
409
460
570
987
416
356
382
808
157
568
432
47
327
432
430
55
576
267
68
727
901
600
448
792
256
671
489
745
642
48
658
315
412
433
1
840
951
144
955
365
419
572
784
560
843
443
915
433
642
554
56
561
963
976
177
292
45
169
270
416
847
138
246
147
229
791
636
703
373
79
605
737
64
87
87
712
725
203
912
381
600
475
572
782
605
818
538
213
73
60
697
542
218
11
813
414
31
159
236
738
180
828
557
340
457
79
646
771
986
819
758
472
670
714
111
979
291
949
821
630
382
16
492
330
925
738
872
485
405
116
554
879
114
794
548
813
624
546
643
335
335
980
921
888
739
146
121
80
684
665
661
374
569
62
503
667
448
427
867
426
420
321
912
679
165
596
956
648
460
458
188
463
911
378
1
617
363
71
426
637
169
204
824
336
998
471
194
669
652
274
6
904
978
565
615
853
849
572
598
769
177
241
202
542
800
461
79
522
416
765
383
390
895
798
687
125
493
46
717
475
948
618
463
786
848
122
473
133
618
816
840
561
848
606
779
22
565
885
765
964
234
995
58
163
770
825
215
182
568
656
934
89
963
310
556
971
256
532
978
532
51
337
170
947
66
624
299
671
777
831
231
974
836
67
505
27
948
627
50
692
259
590
784
619
962
585
686
183
22
785
128
290
831
500
185
478
570
491
512
642
66
804
466
284
600
416
99
188
988
889
857
387
240
781
730
416
917
175
386
470
852
232
662
451
276
228
170
734
212
281
40
121
226
293
599
266
540
758
827
450
448
755
60
501
146
685
944
789
333
880
952
890
141
43
143
864
332
997
496
395
54
306
869
422
416
672
796
324
709
670
79
30
984
111
557
864
716
563
649
471
73
552
478
588
386
698
881
563
929
432
411
466
598
620
991
908
736
993
992
247
580
119
66
572
955
326
919
702
469
492
700
662
285
955
913
607
311
308
774
96
964
112
987
636
455
462
947
131
929
964
928
120
196
805
481
633
793
896
771
38
565
511
473
160
288
199
787
527
916
684
502
247
382
217
86
81
61
798
499
41
11
832
745
840
642
114
217
648
105
690
527
471
753
845
892
386
225
480
753
407
456
652
897
710
623
638
20
658
600
814
917
202
416
415
447
511
84
166
383
467
71
809
996
520
792
472
992
257
274
749
19
489
744
489
732
325
528
891
88
485
707
349
83
386
86
306
849
153
439
739
959
263
976
734
420
492
632
992
410
172
3
853
639
985
991
471
109
866
36
991
582
800
30
950
380
267
10
343
839
543
568
165
699
341
481
18
627
979
183
781
544
9
591
191
319
701
579
474
859
636
426
847
58
435
96
495
786
660
277
264
8
456
794
272
939
812
7
207
913
636
122
32
512
203
517
808
950
516
442
591
785
688
849
832
338
437
444
135
386
24
505
324
694
679
978
337
689
884
94
544
622
145
892
952
230
783
847
494
37
424
646
845
746
436
830
367
344
159
549
661
911
819
540
143
587
656
740
575
858
344
268
839
695
772
267
168
770
738
32
376
213
561
439
491
392
488
721
945
28
38
858
611
172
16
55
225
557
66
196
653
834
22
998
605
753
236
956
918
922
565
137
472
844
783
552
609
694
639
228
316
597
767
720
726
885
611
560
200
947
257
479
887
177
756
122
341
170
844
647
58
704
464
779
259
372
972
94
124
40
890
253
6
470
727
510
580
68
80
541
584
261
88
914
207
212
833
265
911
292
206
332
76
287
46
621
199
426
209
887
419
153
521
414
352
156
260
76
768
982
487
130
578
454
739
162
14
231
194
860
541
358
849
330
426
496
827
485
807
448
412
329
731
888
990
146
258
291
810
142
992
936
746
626
364
89
719
163
480
83
76
672
516
484
589
602
598
781
103
451
486
338
686
565
899
477
722
606
222
8
52
76
717
502
315
813
821
841
623
862
164
278
26
69
217
961
364
700
844
946
305
123
18
256
295
927
21
879
988
449
551
549
47
694
586
720
182
434
106
187
775
85
835
842
455
136
857
897
335
606
837
756
468
601
570
402
539
71
781
23
623
811
484
55
985
222
631
178
799
433
936
449
792
883
491
188
577
809
960
419
248
587
648
163
744
254
475
805
416
169
316
173
469
344
444
17
69
337
627
591
526
687
455
268
630
810
187
568
710
528
433
287
917
566
498
440
780
302
86
829
437
540
21
832
796
559
516
761
674
502
713
466
100
582
941
674
684
140
137
577
709
839
227
280
683
827
430
39
518
685
662
210
301
85
396
252
532
768
890
914
380
443
32
259
233
514
858
307
738
795
69
453
438
824
363
982
765
480
143
23
964
424
745
844
174
843
324
868
670
859
347
797
17
43
154
866
921
376
742
882
827
401
224
216
567
30
868
58
891
897
352
934
444
234
106
190
991
529
912
737
678
582
873
565
244
994
861
75
546
266
316
811
120
835
24
431
159
595
113
734
899
501
165
702
174
0
898
740
85
573
319
400
381
717
616
317
802
249
524
674
554
897
951
622
716
895
255
306
949
143
657
390
812
675
168
989
297
232
902
270
59
295
466
234
676
705
233
367
694
844
231
872
490
618
502
889
734
591
745
380
695
427
696
645
731
799
363
201
881
145
835
638
456
134
625
263
63
490
646
40
295
2
912
705
974
109
220
369
367
435
917
3
243
901
165
25
394
473
16
727
91
482
542
204
501
930
399
206
618
145
878
100
879
829
879
240
922
758
162
883
172
501
546
283
358
380
869
904
971
910
532
819
162
608
306
338
54
982
332
126
939
704
242
860
599
847
408
502
726
603
302
463
234
695
37
138
194
526
768
646
0
560
95
712
412
537
854
428
234
348
755
869
480
838
395
350
415
885
915
886
50
80
35
66
640
881
666
756
622
679
480
467
141
355
708
470
620
887
590
901
672
438
530
126
204
28
444
965
718
463
279
150
239
265
693
104
936
432
912
496
439
747
684
157
171
493
969
310
402
668
769
675
658
902
665
462
366
549
642
869
254
207
449
94
859
838
477
682
761
189
710
483
732
535
755
422
835
639
604
811
132
54
988
509
669
540
409
210
665
292
986
733
114
948
669
258
762
121
298
774
380
560
888
840
500
296
361
588
462
437
126
196
220
994
90
410
7
543
467
319
393
268
190
860
674
60
437
263
796
94
552
925
469
660
715
778
513
689
936
193
481
898
335
434
195
854
248
497
211
664
669
465
873
650
220
272
153
248
278
439
947
815
275
513
87
798
922
641
504
589
771
240
652
739
674
235
127
502
199
961
901
542
501
649
491
20
233
713
790
642
415
147
969
28
360
307
882
941
161
868
851
60
124
455
70
837
906
875
465
242
489
760
220
472
958
532
493
898
81
855
878
997
521
922
11
262
656
448
191
761
113
25
782
498
507
544
61
228
814
606
34
704
455
587
890
501
760
594
24
568
31
830
11
318
844
603
0
434
837
135
195
132
984
85
475
806
790
323
179
515
637
174
762
20
996
951
104
577
442
774
48
527
144
339
761
854
353
74
801
928
793
577
636
318
86
552
981
697
865
891
846
777
782
41
92
696
726
506
528
955
264
625
291
968
463
803
559
818
96
886
94
325
73
335
67
757
917
76
207
883
765
220
261
409
330
343
988
770
819
73
636
699
253
958
832
819
746
985
761
331
397
344
583
746
835
667
454
905
114
312
227
833
857
244
817
525
527
949
426
41
464
621
277
835
18
65
166
584
402
911
821
408
111
273
406
372
596
650
38
104
323
792
958
991
413
428
634
729
888
60
611
306
353
392
203
257
485
516
445
708
179
341
132
442
835
252
264
92
661
410
137
207
636
745
572
306
265
645
317
112
900
377
453
190
890
439
186
830
366
88
186
818
945
131
871
634
559
799
375
690
691
98
841
33
931
581
170
365
783
58
180
18
225
472
94
880
296
592
174
221
614
53
694
862
402
317
866
348
442
832
579
539
785
281
359
914
822
630
891
952
645
640
7
992
562
490
340
471
792
686
694
703
248
234
82
92
884
393
823
267
416
631
582
528
252
956
121
891
9
798
315
837
272
305
804
209
957
729
752
885
463
711
727
716
924
415
215
79
778
479
901
890
546
800
17
164
524
201
740
345
365
976
447
512
318
216
33
870
265
639
723
774
823
79
676
412
251
11
400
815
723
281
111
722
377
750
267
916
297
316
569
508
949
545
774
364
546
270
960
473
738
536
233
58
250
846
85
762
389
179
718
855
148
582
120
764
604
255
765
863
799
308
58
68
445
387
85
785
226
592
625
183
791
321
908
317
565
398
708
898
292
292
484
898
446
802
691
982
891
411
507
733
785
889
243
419
928
959
153
815
423
272
935
646
824
519
127
372
567
637
158
570
569
651
175
926
619
210
446
585
166
459
915
356
303
232
326
883
181
633
333
714
966
28
713
92
840
867
687
329
722
183
94
784
648
748
352
929
940
983
264
646
655
18
742
645
625
498
138
636
715
572
761
809
524
907
254
84
457
531
561
675
91
599
68
36
764
763
139
866
892
679
565
897
177
808
812
870
617
136
189
639
341
558
4
971
256
811
661
805
242
786
719
414
626
706
342
681
378
593
665
652
825
145
322
121
251
854
898
310
600
474
569
491
574
346
819
486
472
381
279
71
520
365
932
93
372
338
436
335
663
491
916
867
39
358
573
253
965
580
397
756
876
169
689
700
510
259
583
983
458
528
881
340
56
217
618
815
939
684
730
463
246
729
372
416
30
367
558
645
107
583
838
417
619
820
397
271
682
115
840
585
255
80
779
127
837
914
234
552
180
156
453
570
856
760
703
23
472
399
947
591
133
420
212
899
481
347
165
936
347
848
397
582
725
434
576
220
307
990
797
696
718
465
98
241
157
609
553
650
794
919
226
422
71
242
529
588
44
471
370
854
651
688
733
926
91
21
171
603
191
76
280
363
178
237
134
876
901
279
18
594
739
370
776
111
762
675
869
679
220
919
303
702
324
436
437
169
374
556
380
985
13
742
668
499
645
390
548
564
529
982
491
549
698
384
195
754
299
814
546
726
730
827
601
307
251
7
767
874
207
936
130
735
708
979
653
763
607
25
622
453
634
185
483
679
50
890
4
588
159
207
256
204
766
949
10
948
7
408
935
31
983
539
717
386
227
639
766
474
723
750
206
317
794
756
556
616
347
792
233
700
43
736
941
141
647
175
653
448
591
81
134
718
855
176
382
242
566
140
456
439
55
526
696
825
418
87
608
655
7
476
214
684
734
551
496
693
502
781
698
244
477
308
230
382
154
174
847
114
389
310
992
299
17
783
11
403
812
703
231
954
604
989
729
277
352
998
302
540
469
812
76
520
23
14
675
524
346
171
868
326
711
484
488
461
377
587
163
371
572
999
976
423
756
476
381
154
256
755
673
67
343
276
672
390
448
258
306
846
94
949
463
969
245
732
634
186
773
924
784
372
571
405
407
124
336
340
562
177
650
951
838
169
38
68
235
559
380
56
276
849
98
915
526
324
460
178
843
573
118
468
548
645
454
25
489
7
968
986
515
532
926
148
487
24
998
654
756
930
944
554
424
0
7
3
17
13
2
16
17
17
14
0
5
10
6
192
12
11
1
17
12
9
336
205
2
7
2
463
8
11
11
8
2
5
7
12
17
10
417
1
225
6
310
181
15
14
4
17
18
18
7
90
2
3
5
13
12
14
17
25
3
17
10
13
0
468
16
16
465
16
4
5
16
326
0
11
445
142
18
63
2
292
4
17
16
236
495
6
12
352
16
7
10
17
7
1
1
56
8
6
18
7
13
3
11
14
47
3
10
75
6
4
8
2
17
17
67
454
13
6
482
12
12
14
17
15
9
1
17
10
18
16
16
5
2
7
18
19
2
18
10
124
10
12
9
2
19
71
6
4
471
7
5
17
19
433
0
17
3
88
3
4
19
10
8
8
453
13
42
4
8
14
13
3
4
11
4
1
1
127
3
17
228
403
7
429
471
5
10
13
462
7
3
1
133
14
7
6
8
415
16
17
0
8
8
19
10
16
18
1
0
17
6
2
491
10
3
9
13
9
6
12
5
9
0
6
18
10
14
16
5
9
19
7
7
95
7
332
57
18
12
7
0
460
3
7
16
17
3
14
17
14
16
17
5
15
7
161
16
7
2
7
10
61
7
4
2
10
13
13
18
30
411
15
11
12
447
17
7
8
0
12
14
338
12
0
13
14
8
6
10
12
13
2
17
11
2
1
7
0
7
3
6
8
5
3
5
75
9
12
6
7
9
327
427
420
17
11
10
13
74
11
14
13
16
158
17
14
18
7
64
14
14
12
15
113
11
10
19
8
16
63
13
7
15
0
7
7
18
17
13
301
14
8
6
17
373
6
8
16
3
171
5
17
1
303
4
15
0
15
10
1
15
2
2
1
18
63
80
13
19
16
14
18
176
1
3
126
8
5
17
0
19
1
9
14
7
423
18
6
17
4
443
1
9
18
244
9
8
15
19
13
19
2
18
0
364
315
5
14
112
243
15
260
10
3
188
15
12
301
2
10
12
442
356
256
6
19
14
6
4
244
268
19
5
0
2
3
3
4
9
8
15
144
4
19
4
161
13
16
0
9
316
270
248
11
17
10
377
12
13
15
12
4
1
18
3
245
14
4
4
8
12
10
459
10
15
38
7
9
402
3
3
9
43
1
11
7
18
5
2
12
7
18
14
14
0
258
366
2
11
173
13
14
121
456
7
11
9
12
18
418
1
401
9
7
11
6
4
1
14
11
2
187
5
17
207
8
151
266
171
10
259
92
7
390
12
431
2
0
3
8
11
7
19
307
19
2
14
174
3
1
15
7
89
11
17
4
355
15
8
11
14
457
11
11
8
3
441
6
19
45
7
422
2
303
6
139
4
19
4
296
5
0
11
7
0
1
13
2
11
3
7
42
16
0
15
238
15
14
2
4
8
18
10
19
14
13
3
353
302
6
7
14
3
10
11
371
54
2
3
11
304
17
3
13
389
9
11
16
15
3
17
8
13
412
334
17
8
8
9
199
4
12
0
16
13
5
10
18
1
19
2
13
14
6
3
3
18
9
12
48
9
412
8
3
13
12
7
11
1
14
461
13
13
12
10
19
11
3
18
2
9
7
5
3
6
198
4
4
5
2
15
18
14
18
19
10
2
9
18
16
14
1
9
2
16
18
1
18
10
16
1
10
63
5
14
288
5
9
10
1
10
3
12
19
190
4
178
377
4
2
12
10
363
16
13
0
5
194
268
4
9
71
17
472
10
336
12
5
414
5
1
7
332
14
7
15
119
18
256
12
13
438
19
8
15
303
384
455
2
8
16
13
7
472
0
12
7
2
0
3
352
4
9
261
4
15
0
29
4
19
3
7
1
19
3
275
0
18
4
0
7
5
2
11
16
16
12
42
11
0
2
3
10
11
5
370
15
4
14
6
6
181
283
17
1
6
1
189
11
12
12
5
15
16
2
2
5
10
10
9
13
14
1
11
13
1
12
5
93
367
1
7
11
18
4
11
2
16
10
7
33
15
17
8
6
166
15
4
251
14
434
10
2
9
455
5
16
6
7
0
18
17
2
12
388
13
18
10
14
16
17
5
4
1
285
5
7
16
453
6
17
9
2
5
18
19
19
18
0
18
6
13
0
17
9
12
2
5
15
10
10
183
11
86
16
10
3
7
1
12
234
5
498
10
5
16
9
2
278
7
11
9
15
0
240
8
12
12
17
17
12
17
19
3
3
10
11
6
12
1
10
285
19
91
19
12
398
323
16
18
0
3
318
0
8
420
316
1
5
19
12
7
3
14
4
6
19
466
392
4
17
15
10
255
195
8
6
162
7
172
6
15
11
8
18
12
222
415
168
2
14
15
17
17
4
18
1
16
7
13
15
4
17
100
15
6
9
1
65
7
1
109
5
38
223
5
466
468
9
3
191
17
4
259
3
14
5
10
18
6
12
283
12
5
264
7
12
8
174
18
11
1
14
12
9
9
7
4
14
19
17
407
6
19
61
16
2
77
17
123
4
16
6
15
16
1
16
18
14
9
12
0
18
13
2
1
55
261
13
4
13
12
12
17
11
17
4
7
407
9
17
12
146
4
3
13
0
2
1
1
1
7
1
9
18
19
10
4
286
9
17
470
5
13
1
349
16
13
9
17
7
4
488
13
305
12
6
2
453
17
6
12
19
2
18
17
6
190
0
6
80
15
376
6
7
9
17
9
16
258
15
10
209
1
7
0
18
13
6
12
7
10
15
348
14
11
17
17
50
2
362
0
7
4
16
1
19
357
0
13
16
17
28
13
485
3
7
16
11
12
12
7
135
2
1
12
15
0
2
13
10
3
490
6
374
263
2
8
308
5
181
6
12
173
7
12
17
4
2
11
13
2
19
223
187
8
14
11
12
18
2
9
2
4
4
10
2
9
8
2
14
16
0
17
19
12
13
2
17
144
5
5
9
4
13
9
2
7
15
6
4
12
19
10
13
460
19
10
6
5
183
15
420
12
12
18
17
17
14
127
9
55
427
15
9
4
12
19
12
13
11
17
2
7
11
19
12
189
240
3
16
17
18
11
18
4
0
9
2
4
10
6
11
14
14
9
3
10
5
399
5
10
14
12
5
13
19
250
12
6
2
17
10
3
15
10
19
3
14
9
322
4
7
5
4
13
18
5
17
5
15
5
14
11
268
12
278
13
13
14
2
7
8
9
14
15
3
8
11
1
14
13
7
1
11
64
3
7
18
19
5
6
432
11
19
10
169
8
283
367
89
422
1
463
4
10
409
221
18
13
2
2
8
11
15
0
453
14
11
427
6
442
8
9
18
15
1
14
5
0
239
4
174
8
11
11
5
9
7
2
0
2
7
14
10
460
4
7
3
11
90
4
4
18
5
6
4
335
6
3
3
12
13
4
2
19
19
0
357
125
16
12
1
7
3
19
0
498
12
311
17
15
414
18
8
1
223
16
13
2
17
8
2
6
99
12
2
13
7
2
79
19
5
4
5
11
8
4
8
3
0
13
2
18
15
11
18
5
3
365
7
0
0
15
4
1
13
7
10
2
3
1
16
225
14
416
187
14
6
9
7
18
415
17
7
13
17
0
20
12
392
6
7
1
92
2
7
286
11
2
16
12
18
4
8
494
378
187
8
6
18
3
14
3
6
14
3
9
376
6
187
7
222
9
5
12
304
7
3
91
1
133
12
2
8
58
2
14
67
444
82
14
18
12
12
5
5
14
37
19
9
17
2
4
16
17
12
11
15
18
12
0
7
8
15
18
101
7
1
7
12
5
18
11
34
11
308
6
434
272
5
2
19
16
10
123
194
10
4
4
16
57
12
10
4
394
425
15
5
17
19
7
5
9
0
313
18
19
19
18
15
2
10
2
363
10
8
2
3
1
13
472
12
12
15
18
7
2
1
10
3
5
102
17
67
19
380
5
13
3
6
17
17
9
3
18
15
11
2
19
3
5
2
3
12
8
17
11
209
1
14
8
4
3
11
231
321
1
439
17
15
7
2
1
16
366
95
14
5
433
1
13
4
152
2
17
10
286
0
19
13
4
18
3
308
9
470
13
15
15
8
19
12
10
1
8
30
9
15
370
7
14
10
13
2
6
228
16
440
5
16
16
34
6
147
1
380
11
278
3
7
19
15
11
8
2
12
18
6
351
6
13
0
4
19
134
9
8
12
255
14
16
223
0
11
19
9
15
8
8
9
16
1
430
226
4
15
152
227
1
18
195
7
15
363
9
450
17
3
8
17
5
480
2
7
9
10
18
3
18
19
6
12
13
4
6
18
254
5
15
5
1
8
5
5
2
13
12
15
1
11
476
16
0
7
11
3
18
2
172
253
19
13
88
15
6
12
7
4
0
5
1
8
19
1
0
3
12
8
4
0
3
8
4
3
19
3
15
6
16
203
9
17
6
15
0
2
447
15
2
2
3
349
9
1
5
456
10
3
1
4
5
14
157
67
10
12
14
12
15
5
1
452
13
267
367
19
11
4
15
13
2
10
16
18
7
362
285
19
7
12
17
333
5
15
465
15
10
45
17
12
60
18
15
3
401
3
1
0
425
19
16
14
206
438
14
19
11
3
7
11
429
16
3
5
13
19
3
221
6
3
1
448
3
14
18
88
22
1
13
267
419
110
5
4
19
10
12
19
410
12
170
4
19
16
17
384
17
6
9
4
352
111
10
11
18
13
17
13
287
12
1
5
369
1
9
17
14
17
400
12
9
1
218
10
47
8
14
486
11
17
6
6
5
58
5
3
13
8
18
22
4
10
19
174
18
2
10
5
16
17
2
6
10
6
336
17
352
11
19
144
369
215
78
17
0
440
16
248
9
118
2
105
415
0
6
6
237
125
13
2
4
10
2
8
18
486
12
12
0
3
19
18
2
16
9
9
14
0
17
12
17
4
11
25
17
1
19
17
176
11
16
5
8
5
18
455
17
17
2
6
15
202
7
19
6
14
9
4
11
239
10
7
13
11
10
256
9
3
19
8
91
120
2
0
343
18
18
1
17
296
4
7
321
9
16
12
0
19
16
5
18
4
15
40
15
8
1
16
204
14
40
185
16
8
154
18
12
2
12
134
11
196
15
23
4
7
8
5
19
3
13
388
15
18
13
1
18
16
18
5
5
12
18
9
130
15
107
13
18
113
16
10
325
7
4
6
16
4
5
19
17
3
4
296
479
367
16
1
13
15
12
18
4
7
62
17
6
0
3
12
10
3
18
17
11
12
13
17
11
15
9
12
3
14
5
16
10
334
1
0
441
19
2
11
1
12
16
19
5
14
16
1
16
7
1
0
64
419
12
6
2
301
17
198
8
6
12
8
16
2
10
431
8
436
8
12
7
14
18
266
2
7
7
231
284
8
2
10
5
11
18
6
6
7
125
7
202
3
2
15
17
454
19
18
271
16
7
4
13
17
11
5
3
14
0
6
3
19
115
7
19
5
6
11
12
5
18
3
7
12
4
0
15
16
10
9
18
3
1
8
3
10
11
8
13
19
18
17
9
16
14
215
14
4
347
192
19
2
10
10
8
12
14
11
16
231
0
7
2
12
2
262
0
16
2
19
12
7
14
4
5
11
186
259
296
300
17
19
18
17
11
7
246
13
9
16
454
9
0
15
264
13
19
0
6
17
7
12
132
13
16
19
370
17
231
2
9
14
8
15
0
17
3
4
0
4
6
9
15
257
1
4
12
15
8
444
7
14
1
3
6
9
101
1
17
8
9
1
131
140
10
8
12
0
317
15
4
2
15
19
1
4
3
7
17
11
244
0
11
8
268
17
15
5
10
8
326
303
16
9
297
0
16
5
337
417
10
17
117
15
4
10
10
16
1
86
1
15
1
12
16
18
11
2
6
2
1
13
426
19
1
9
6
69
7
6
7
5
17
3
18
14
13
105
17
10
17
246
482
10
231
13
185
18
12
8
14
12
1
325
4
174
7
10
8
281
18
1
4
11
147
9
12
6
10
5
18
68
9
18
1
191
13
3
136
19
344
12
16
17
10
7
12
405
16
13
12
10
18
17
2
13
4
15
15
18
19
288
2
13
18
13
11
11
0
5
335
431
4
7
11
2
1
19
464
167
3
15
6
6
16
17
4
0
16
5
6
19
14
0
8
11
29
12
12
3
268
292
6
14
0
16
15
5
11
9
16
1
12
437
304
135
12
2
16
333
371
7
13
485
14
6
18
6
178
16
240
414
18
182
17
80
4
10
231
175
8
6
5
19
19
7
7
11
15
19
11
12
4
7
0
231
6
2
14
270
14
238
1
12
12
18
16
1
14
1
145
12
40
16
1
14
9
9
13
1
4
14
16
18
376
12
14
14
6
66
5
3
14
2
12
16
5
12
5
309
461
4
1
9
14
5
4
21
8
15
298
331
141
15
14
19
17
17
126
4
11
1
19
2
13
102
19
19
17
14
11
67
10
12
408
17
15
8
13
6
3
16
267
19
381
19
152
19
4
15
15
5
139
6
0
3
6
13
10
6
6
8
9
17
0
10
18
0
119
10
265
428
4
14
294
256
13
48
173
10
0
10
11
4
0
12
5
12
3
404
10
8
15
210
9
9
11
6
247
15
98
15
16
10
3
284
4
1
16
9
371
466
14
72
9
9
6
6
17
14
8
8
19
3
11
8
9
5
19
296
4
1
1
12
19
342
378
11
6
17
14
2
490
3
14
7
19
11
10
10
0
3
14
164
19
16
3
2
17
18
19
5
216
6
322
13
10
7
2
18
78
14
3
110
12
3
19
12
1
4
482
0
4
9
18
6
10
9
499
11
318
16
4
51
17
20
11
9
140
18
10
12
17
5
6
11
98
4
2
4
15
4
13
477
19
339
16
14
7
19
15
141
8
17
1
310
11
15
60
16
404
14
16
65
2
17
9
10
0
16
313
13
9
1
19
18
15
18
9
339
15
16
8
19
8
3
18
14
5
7
16
195
94
4
405
414
14
5
11
8
3
14
9
17
12
4
13
14
10
369
69
346
13
8
8
150
12
7
18
16
5
0
2
3
14
9
1
2
19
6
346
3
19
18
114
376
9
2
8
10
2
1
10
152
155
2
6
5
3
13
3
386
1
18
14
15
0
360
4
12
16
15
12
419
55
0
15
17
203
9
2
10
14
9
5
12
9
3
11
14
4
0
18
12
17
15
14
28
1
1
6
361
17
18
2
4
0
19
4
1
440
14
18
3
19
7
6
12
18
10
426
1
10
8
13
11
14
18
3
19
5
15
0
2
18
233
15
6
8
13
5
1
15
2
9
0
6
16
336
17
14
6
6
4
15
5
1
11
13
19
408
3
17
0
3
7
18
13
10
3
3
13
212
57
15
13
19
12
14
11
123
1
1
3
254
10
9
19
315
457
13
270
130
14
13
7
13
18
487
0
1
15
16
16
3
7
0
13
87
7
2
9
14
402
14
4
227
11
0
56
10
9
8
19
6
2
10
1
11
76
14
11
17
17
6
10
3
18
379
7
8
13
2
14
16
260
17
251
2
14
12
167
59
8
4
6
0
17
262
14
0
2
7
286
13
10
16
247
18
9
8
11
414
95
14
336
384
5
449
4
3
10
14
5
1
11
14
5
3
227
413
14
99
17
189
9
9
406
313
18
14
3
1
17
0
7
2
19
18
8
2
14
2
221
10
16
485
12
13
11
11
14
64
14
13
167
13
13
18
4
15
288
53
322
2
8
17
18
4
12
15
9
175
14
0
9
447
3
9
15
350
3
15
54
11
18
8
15
438
16
0
103
4
4
1
13
11
9
2
5
19
17
10
370
8
11
18
4
16
15
5
4
6
17
16
384
3
2
4
265
11
14
325
10
9
3
4
9
4
237
3
15
1
1
16
15
8
9
3
19
6
11
4
162
198
16
19
18
18
16
6
107
295
3
491
15
18
3
11
237
7
10
3
15
9
1
15
9
9
14
13
13
2
430
11
15
12
2
12
18
399
106
6
19
226
13
8
18
12
19
268
4
3
15
4
1
275
5
10
19
2
16
14
15
8
17
1
470
216
12
1
17
9
104
4
12
3
15
17
15
5
12
18
335
9
0
4
198
318
10
13
11
1
7
9
2
78
0
1
13
13
15
10
12
3
71
6
16
361
19
13
2
294
8
18
7
2
18
10
18
263
11
9
9
17
13
19
17
0
16
315
14
17
456
13
392
16
14
4
9
230
2
13
9
8
7
3
0
9
17
236
1
8
8
8
5
1
268
1
62
9
481
479
2
4
18
3
18
496
15
141
10
18
7
131
5
8
8
48
11
3
13
7
470
4
11
30
19
1
7
12
11
370
7
218
12
489
2
407
6
102
343
13
8
441
15
13
190
3
377
2
19
17
14
1
5
4
6
10
3
16
4
371
10
4
18
429
2
5
12
472
0
492
19
2
121
5
19
8
11
18
16
14
273
6
8
15
13
327
9
6
13
0
8
14
209
14
15
10
223
12
19
3
1
7
11
363
326
1
16
9
363
17
5
16
10
87
16
8
1
275
447
11
164
154
8
13
181
15
4
14
4
5
8
14
15
11
307
15
4
2
9
5
8
18
0
18
2
15
10
3
18
74
98
14
357
8
0
1
14
18
1
164
1
17
215
8
12
6
12
4
15
396
178
328
3
282
14
263
19
13
334
13
16
14
4
289
16
14
15
4
9
287
18
2
282
13
14
18
201
2
0
14
5
43
9
14
14
8
5
2
19
3
0
3
15
12
401
15
19
12
64
0
0
6
127
4
13
459
6
14
13
5
398
15
14
6
12
0
13
454
18
17
38
15
19
483
269
1
13
17
13
79
11
13
9
15
7
18
193
456
356
9
12
446
354
15
5
9
2
4
5
3
15
6
0
8
5
16
2
3
3
15
10
1
17
4
467
3
14
3
420
3
41
5
6
100
14
15
3
11
4
6
13
0
15
16
8
13
7
16
7
13
13
456
11
246
0
16
63
12
104
12
4
49
385
16
234
17
389
11
8
332
378
6
339
14
12
9
17
4
17
2
9
5
17
7
175
16
1
152
11
3
18
14
7
317
17
139
9
18
12
7
16
11
4
13
1
4
14
16
17
